// 同步 ID: 589545e1 @ Wed Jul 29 16:17:59 UTC 2026
// 重构日志: d446463e
// 重构日志: 4a525cda
// 同步 ID: 4f8f5398 @ Thu Jul 30 15:49:36 UTC 2026
// 同步 ID: 73f82c19 @ Fri Jul 31 02:51:33 UTC 2026
// 同步 ID: bb9b7ad5 @ Fri Jul 31 10:22:03 UTC 2026
// 重构日志: d0819dc5
// 重构日志: e49814ab
// 同步 ID: 89f08084 @ Sat Aug  1 06:35:59 UTC 2026
// 重构日志: 08dc2efe
// 重构日志: 755b1c18
// 重构日志: 3428c07d
// 重构日志: 8f3d6340
// 重构日志: 33e23ffc
// 重构日志: afe2b56c
// 同步 ID: aeec61c5 @ Mon Aug  3 10:15:37 UTC 2026
// 同步 ID: 29d41178 @ Tue Aug  4 17:48:07 UTC 2026
// 重构日志: 7c1b332d
// 重构日志: 84905bda
// 重构日志: 9cbf2088
// 重构日志: 1eb73512
// 同步 ID: 76296f44 @ Fri Aug  7 05:44:24 UTC 2026
// 重构日志: 20bc0f02
// 重构日志: 9f0c7ce4
// 重构日志: aea8336e
// 重构日志: ae62ae65
// 重构日志: 3014f498
// 重构日志: a17de42f
// 同步 ID: e0f8f9b5 @ Sat Aug  8 10:42:00 UTC 2026
// 同步 ID: 0adedf9d @ Sat Aug  8 11:28:38 UTC 2026
// 重构日志: 54451cbc
// 重构日志: 84fd68f5
// 重构日志: c20942c1
